// Jest Snapshot v1, https://goo.gl/fbAQLP

exports[`Header component should match snapshot 1`] = `
<div>
  <header>
    <p
      class="id"
    >
      ID: 
      091021
    </p>
    <h1
      class="title"
    >
      La Casa de las Flores
    </h1>
    <img
      alt="La Casa de las Flores"
      class="img"
      src="background.png"
    />
    <div
      class="fader"
    />
  </header>
</div>
`;
