// Jest Snapshot v1, https://goo.gl/fbAQLP

exports[`Review component should match snapshot 1`] = `
<div>
  <article
    class="article"
  >
    <section
      class="reviewSection"
    >
      <span
        class="css-rjh6d7"
      >
        4.0
         / 
        5
      </span>
      <img
        alt="HOLIDU"
        src="HOLIDU.svg"
      />
    </section>
    <h2
      class="headline"
    >
      Very nice host, and quite chill place.
    </h2>
    <p
      class="comment"
    >
      Nulla dictum ligula ac tortor egestas, sit amet ullamcorper risus sollicitudin. Morbi vitae leo accumsan, interdum ligula non, placerat ligula. Ut faucibus congue purus, vitae semper sapien viverra non. Pellentesque rhoncus porttitor diam, eu ultrices metus dictum at.
    </p>
    <p>
      <img
        alt="Positive feedback"
        class="css-sxswvr"
        src="thumb-up.svg"
      />
      The location is perfect
    </p>
    <p>
      <img
        alt="Negative feedback"
        class="css-1kyjmtn"
        src="thumb-down.svg"
      />
      No parking spot.
    </p>
    <p
      class="author"
    >
      Alissa Stacey
    </p>
    <span
      class="publishedAt"
    >
      Reviewed 
      11
       
      August
       
      2020
    </span>
  </article>
</div>
`;
